
=== Fase B: reproduzir percurso (coleta + play_route) ===
robot='' route=rota_longa_curva
topics=['scan', 'odom', 'imu', 'pose', 'ground_truth_pose_clean'] skip_collection=False export='/home/eduardo/fleet-ui/fleet_ws/runs/gt01_longa/replay_r04.json'
[TRACE] Chamando service enable_collection ...
[OK] enable_collection — Collection enabled. Bag: collections/default/2026-10-03_00-37-18_951882_1f38dd81
[TRACE] Warmup após enable_collection (sleep 5s) ...
[TRACE] Chamando service play_route ...
[OK] play_route — Navigation started
[OK] navegação iniciou (navigating)
[OK] navegação terminou (idle)
[TRACE] Chamando service disable_collection ...
[OK] disable_collection — Collection disabled for default. Bag: collections/default/2026-10-03_00-37-18_951882_1f38dd81

Resumo: sem falhas

[TRACE] Sensor summary (mcap):
  /pose: 48 msgs  ~0.4 Hz
  /ground_truth_pose_clean: 6770 msgs  ~55.5 Hz
  /imu: 24306 msgs  ~199.1 Hz
  /odom: 3390 msgs  ~27.8 Hz
  /scan: 1220 msgs  ~10.0 Hz
[TRACE] bag_metrics: odom=3390 msgs  path=7.6231 m  scan=1220  imu=24306

[OK] Resumo exportado: /home/eduardo/fleet-ui/fleet_ws/runs/gt01_longa/replay_r04.json
