
=== Fase B: reproduzir percurso (coleta + play_route) ===
robot='' route=rota_longa_curva
topics=['scan', 'odom', 'imu', 'pose', 'ground_truth_pose_clean'] skip_collection=False export='/home/eduardo/fleet-ui/fleet_ws/runs/gt01_longa/replay_r09.json'
[TRACE] Chamando service enable_collection ...
[OK] enable_collection — Collection enabled. Bag: collections/default/2026-10-03_00-50-08_683846_8caba479
[TRACE] Warmup após enable_collection (sleep 5s) ...
[TRACE] Chamando service play_route ...
[OK] play_route — Navigation started
[OK] navegação iniciou (navigating)
[OK] navegação terminou (idle)
[TRACE] Chamando service disable_collection ...
[OK] disable_collection — Collection disabled for default. Bag: collections/default/2026-10-03_00-50-08_683846_8caba479

Resumo: sem falhas

[TRACE] Sensor summary (mcap):
  /pose: 50 msgs  ~0.4 Hz
  /ground_truth_pose_clean: 6782 msgs  ~55.6 Hz
  /imu: 24418 msgs  ~200.0 Hz
  /odom: 3392 msgs  ~27.8 Hz
  /scan: 1220 msgs  ~10.0 Hz
[TRACE] bag_metrics: odom=3392 msgs  path=7.6265 m  scan=1220  imu=24418

[OK] Resumo exportado: /home/eduardo/fleet-ui/fleet_ws/runs/gt01_longa/replay_r09.json
