[INFO] [launch]: All log files can be found below /home/eduardo/.ros/log/2026-10-02-21-25-59-706732-eduardo-B550M-AORUS-ELITE-39176
[INFO] [launch]: Default logging verbosity is set to INFO
[INFO] [xacro-1]: process started with pid [39196]
[INFO] [parameter_bridge-2]: process started with pid [39197]
[INFO] [image_bridge-3]: process started with pid [39198]
[INFO] [image_bridge-4]: process started with pid [39199]
[INFO] [create-5]: process started with pid [39200]
[INFO] [gazebo-6]: process started with pid [39201]
[INFO] [robot_state_publisher-7]: process started with pid [39202]
[INFO] [rviz2-8]: process started with pid [39203]
[INFO] [parameter_bridge-9]: process started with pid [39205]
[INFO] [ground_truth_filter-10]: process started with pid [39206]
[robot_state_publisher-7] [WARN] [1790987160.175506610] [kdl_parser]: The root link base_link has an inertia specified in the URDF, but KDL does not support a root link with an inertia.  As a workaround, you can add an extra dummy link to your URDF.
[robot_state_publisher-7] [INFO] [1790987160.175616948] [robot_state_publisher]: Robot initialized
[create-5] [INFO] [1790987160.191216645] [ros_gz_sim]: Requesting list of world names.
[parameter_bridge-9] [INFO] [1790987160.211152141] [bridge_ground_truth]: Creating GZ->ROS Bridge: [/world/warehouse/dynamic_pose/info (gz.msgs.Pose_V) -> /world/warehouse/dynamic_pose/info (tf2_msgs/msg/TFMessage)] (Lazy 0)
[INFO] [xacro-1]: process has finished cleanly [pid 39196]
[rviz2-8] [INFO] [1790987160.427972906] [rviz2]: Stereo is NOT SUPPORTED
[rviz2-8] [INFO] [1790987160.428083936] [rviz2]: OpenGl version: 4.6 (GLSL 4.6)
[rviz2-8] [INFO] [1790987160.443371013] [rviz2]: Stereo is NOT SUPPORTED
[create-5] [INFO] [1790987160.976989649] [ros_gz_sim]: Waiting messages on topic [robot_description].
[create-5] [INFO] [1790987160.988413862] [ros_gz_sim]: Entity creation successful.
[INFO] [create-5]: process has finished cleanly [pid 39200]
[parameter_bridge-2] [INFO] [1790987161.194054619] [bridge_ros_gz]: Creating GZ->ROS Bridge: [/clock (gz.msgs.Clock) -> clock (rosgraph_msgs/msg/Clock)] (Lazy 0)
[parameter_bridge-2] [INFO] [1790987161.195039720] [bridge_ros_gz]: Creating GZ->ROS Bridge: [joint_states (gz.msgs.Model) -> joint_states (sensor_msgs/msg/JointState)] (Lazy 0)
[parameter_bridge-2] [INFO] [1790987161.197329547] [bridge_ros_gz]: Creating GZ->ROS Bridge: [/odom (gz.msgs.Odometry) -> odom (nav_msgs/msg/Odometry)] (Lazy 0)
[parameter_bridge-2] [INFO] [1790987161.198762576] [bridge_ros_gz]: Creating GZ->ROS Bridge: [/tf (gz.msgs.Pose_V) -> tf (tf2_msgs/msg/TFMessage)] (Lazy 0)
[parameter_bridge-2] [INFO] [1790987161.200200114] [bridge_ros_gz]: Creating GZ->ROS Bridge: [/imu (gz.msgs.IMU) -> imu (sensor_msgs/msg/Imu)] (Lazy 0)
[parameter_bridge-2] [INFO] [1790987161.200787017] [bridge_ros_gz]: Creating GZ->ROS Bridge: [/scan (gz.msgs.LaserScan) -> scan (sensor_msgs/msg/LaserScan)] (Lazy 0)
[parameter_bridge-2] [INFO] [1790987161.201326967] [bridge_ros_gz]: Creating ROS->GZ Bridge: [cmd_vel (geometry_msgs/msg/Twist) -> /cmd_vel (gz.msgs.Twist)] (Lazy 0)
[parameter_bridge-2] [INFO] [1790987161.202050861] [bridge_ros_gz]: Creating GZ->ROS Bridge: [/rgbd_camera/camera_info (gz.msgs.CameraInfo) -> /rgbd_camera/camera_info (sensor_msgs/msg/CameraInfo)] (Lazy 0)
[gazebo-6] [1;33mWarning [Utils.cc:132][0m [/sdf/model[@name="turtlebot4"]/link[@name="rplidar_link"]/sensor[@name="rplidar"]/gz_frame_id:<urdf-string>:L0]: XML Element[gz_frame_id], child of element[sensor], not defined in SDF. Copying[gz_frame_id] as children of [sensor].
[INFO] [sync_slam_toolbox_node-11]: process started with pid [39493]
[sync_slam_toolbox_node-11] [INFO] [1790987168.322641505] [slam_toolbox]: Node using stack size 40000000
[sync_slam_toolbox_node-11] [INFO] [1790987168.530383297] [slam_toolbox]: Configuring
[sync_slam_toolbox_node-11] [INFO] [1790987168.536094913] [slam_toolbox]: Using solver plugin solver_plugins::CeresSolver
[sync_slam_toolbox_node-11] [INFO] [1790987168.536283416] [slam_toolbox]: CeresSolver: Using SCHUR_JACOBI preconditioner.
[INFO] [launch.user]: [LifecycleLaunch] Slamtoolbox node is activating.
[sync_slam_toolbox_node-11] [INFO] [1790987168.547962004] [slam_toolbox]: Activating
[sync_slam_toolbox_node-11] Registering sensor: [Custom Described Lidar]
[INFO] [controller_server-12]: process started with pid [39521]
[INFO] [smoother_server-13]: process started with pid [39522]
[INFO] [planner_server-14]: process started with pid [39523]
[INFO] [route_server-15]: process started with pid [39524]
[INFO] [behavior_server-16]: process started with pid [39525]
[INFO] [bt_navigator-17]: process started with pid [39526]
[INFO] [waypoint_follower-18]: process started with pid [39527]
[INFO] [velocity_smoother-19]: process started with pid [39528]
[INFO] [collision_monitor-20]: process started with pid [39529]
[INFO] [opennav_docking-21]: process started with pid [39530]
[INFO] [lifecycle_manager-22]: process started with pid [39531]
[behavior_server-16] [INFO] [1790987172.329052182] [behavior_server]: 
[behavior_server-16] 	behavior_server lifecycle node launched. 
[behavior_server-16] 	Waiting on external lifecycle transitions to activate
[behavior_server-16] 	See https://design.ros2.org/articles/node_lifecycle.html for more information.
[velocity_smoother-19] [INFO] [1790987172.331140469] [velocity_smoother]: 
[velocity_smoother-19] 	velocity_smoother lifecycle node launched. 
[velocity_smoother-19] 	Waiting on external lifecycle transitions to activate
[velocity_smoother-19] 	See https://design.ros2.org/articles/node_lifecycle.html for more information.
[lifecycle_manager-22] [INFO] [1790987172.338570359] [lifecycle_manager_navigation]: Creating
[smoother_server-13] [INFO] [1790987172.339931556] [smoother_server]: 
[smoother_server-13] 	smoother_server lifecycle node launched. 
[smoother_server-13] 	Waiting on external lifecycle transitions to activate
[smoother_server-13] 	See https://design.ros2.org/articles/node_lifecycle.html for more information.
[planner_server-14] [INFO] [1790987172.340461365] [planner_server]: 
[planner_server-14] 	planner_server lifecycle node launched. 
[planner_server-14] 	Waiting on external lifecycle transitions to activate
[planner_server-14] 	See https://design.ros2.org/articles/node_lifecycle.html for more information.
[planner_server-14] [INFO] [1790987172.341792112] [planner_server]: Creating
[smoother_server-13] [INFO] [1790987172.343157848] [smoother_server]: Creating smoother server
[lifecycle_manager-22] [INFO] [1790987172.343505617] [lifecycle_manager_navigation]: [34m[1mCreating and initializing lifecycle service clients[0m[0m
[controller_server-12] [INFO] [1790987172.349727284] [controller_server]: 
[controller_server-12] 	controller_server lifecycle node launched. 
[controller_server-12] 	Waiting on external lifecycle transitions to activate
[controller_server-12] 	See https://design.ros2.org/articles/node_lifecycle.html for more information.
[bt_navigator-17] [INFO] [1790987172.351244900] [bt_navigator]: 
[bt_navigator-17] 	bt_navigator lifecycle node launched. 
[bt_navigator-17] 	Waiting on external lifecycle transitions to activate
[bt_navigator-17] 	See https://design.ros2.org/articles/node_lifecycle.html for more information.
[route_server-15] [INFO] [1790987172.352076207] [route_server]: 
[route_server-15] 	route_server lifecycle node launched. 
[route_server-15] 	Waiting on external lifecycle transitions to activate
[route_server-15] 	See https://design.ros2.org/articles/node_lifecycle.html for more information.
[bt_navigator-17] [INFO] [1790987172.352679342] [bt_navigator]: Creating
[collision_monitor-20] [INFO] [1790987172.353770774] [collision_monitor]: 
[collision_monitor-20] 	collision_monitor lifecycle node launched. 
[collision_monitor-20] 	Waiting on external lifecycle transitions to activate
[collision_monitor-20] 	See https://design.ros2.org/articles/node_lifecycle.html for more information.
[waypoint_follower-18] [INFO] [1790987172.354341034] [waypoint_follower]: 
[waypoint_follower-18] 	waypoint_follower lifecycle node launched. 
[waypoint_follower-18] 	Waiting on external lifecycle transitions to activate
[waypoint_follower-18] 	See https://design.ros2.org/articles/node_lifecycle.html for more information.
[controller_server-12] [INFO] [1790987172.354588434] [controller_server]: Creating controller server
[waypoint_follower-18] [INFO] [1790987172.354812378] [waypoint_follower]: Creating
[planner_server-14] [INFO] [1790987172.356742843] [global_costmap.global_costmap]: 
[planner_server-14] 	global_costmap lifecycle node launched. 
[planner_server-14] 	Waiting on external lifecycle transitions to activate
[planner_server-14] 	See https://design.ros2.org/articles/node_lifecycle.html for more information.
[planner_server-14] [INFO] [1790987172.357060813] [global_costmap.global_costmap]: Creating Costmap
[opennav_docking-21] [INFO] [1790987172.357573388] [docking_server]: 
[opennav_docking-21] 	docking_server lifecycle node launched. 
[opennav_docking-21] 	Waiting on external lifecycle transitions to activate
[opennav_docking-21] 	See https://design.ros2.org/articles/node_lifecycle.html for more information.
[opennav_docking-21] [INFO] [1790987172.357643297] [docking_server]: Creating docking_server
[controller_server-12] [INFO] [1790987172.367927422] [local_costmap.local_costmap]: 
[controller_server-12] 	local_costmap lifecycle node launched. 
[controller_server-12] 	Waiting on external lifecycle transitions to activate
[controller_server-12] 	See https://design.ros2.org/articles/node_lifecycle.html for more information.
[controller_server-12] [INFO] [1790987172.368272766] [local_costmap.local_costmap]: Creating Costmap
[lifecycle_manager-22] [INFO] [1790987173.027612908] [lifecycle_manager_navigation]: [34m[1mStarting managed nodes bringup...[0m[0m
[lifecycle_manager-22] [INFO] [1790987173.027648258] [lifecycle_manager_navigation]: [34m[1mConfiguring controller_server[0m[0m
[controller_server-12] [INFO] [1790987173.027887492] [controller_server]: Configuring controller interface
[controller_server-12] [INFO] [1790987173.027906470] [controller_server]: getting progress checker plugins..
[controller_server-12] [INFO] [1790987173.028057789] [controller_server]: getting goal checker plugins..
[controller_server-12] [INFO] [1790987173.028192526] [controller_server]: Controller frequency set to 20.0000Hz
[controller_server-12] [INFO] [1790987173.028231674] [local_costmap.local_costmap]: Configuring
[controller_server-12] [INFO] [1790987173.035233857] [local_costmap.local_costmap]: Using plugin "static_layer"
[controller_server-12] [INFO] [1790987173.037949998] [local_costmap.local_costmap]: Subscribing to the map topic (/map) with transient local durability
[controller_server-12] [INFO] [1790987173.039150446] [local_costmap.local_costmap]: Initialized plugin "static_layer"
[controller_server-12] [INFO] [1790987173.039162420] [local_costmap.local_costmap]: Using plugin "voxel_layer"
[controller_server-12] [INFO] [1790987173.039623814] [local_costmap.local_costmap]: Subscribed to Topics: scan
[controller_server-12] [INFO] [1790987173.048677191] [local_costmap.local_costmap]: Initialized plugin "voxel_layer"
[controller_server-12] [INFO] [1790987173.048700627] [local_costmap.local_costmap]: Using plugin "inflation_layer"
[controller_server-12] [INFO] [1790987173.049260056] [local_costmap.local_costmap]: Initialized plugin "inflation_layer"
[controller_server-12] [INFO] [1790987173.063004397] [local_costmap.local_costmap]: StaticLayer: Resizing static layer to 436 X 301 at 0.050000 m/pix
[controller_server-12] [INFO] [1790987173.063113092] [controller_server]: Created progress_checker : progress_checker of type nav2_controller::SimpleProgressChecker
[controller_server-12] [INFO] [1790987173.063353428] [controller_server]: Controller Server has progress_checker  progress checkers available.
[controller_server-12] [INFO] [1790987173.063741447] [controller_server]: Created goal checker : general_goal_checker of type nav2_controller::SimpleGoalChecker
[controller_server-12] [INFO] [1790987173.064096691] [controller_server]: Controller Server has general_goal_checker  goal checkers available.
[controller_server-12] [INFO] [1790987173.065235066] [controller_server]: Created controller : FollowPath of type nav2_mppi_controller::MPPIController
[controller_server-12] [INFO] [1790987173.067001987] [controller_server]: Controller period is equal to model dt. Control sequence shifting is ON
[controller_server-12] [INFO] [1790987173.068033270] [controller_server]: ConstraintCritic instantiated with 1 power and 4.000000 weight.
[controller_server-12] [INFO] [1790987173.068051276] [controller_server]: Critic loaded : mppi::critics::ConstraintCritic
[controller_server-12] [INFO] [1790987173.068769939] [controller_server]: InflationCostCritic instantiated with 1 power and 300.000000 / 0.015000 weights. Critic will collision check based on footprint cost.
[controller_server-12] [INFO] [1790987173.068785270] [controller_server]: Critic loaded : mppi::critics::CostCritic
[controller_server-12] [INFO] [1790987173.069107127] [controller_server]: GoalCritic instantiated with 1 power and 5.000000 weight.
[controller_server-12] [INFO] [1790987173.069122668] [controller_server]: Critic loaded : mppi::critics::GoalCritic
[controller_server-12] [INFO] [1790987173.069515005] [controller_server]: GoalAngleCritic instantiated with 1 power, 3.000000 weight, 0.500000 angular threshold and symmetric_yaw_tolerance disabled
[controller_server-12] [INFO] [1790987173.069530446] [controller_server]: Critic loaded : mppi::critics::GoalAngleCritic
[controller_server-12] [INFO] [1790987173.070172127] [controller_server]: ReferenceTrajectoryCritic instantiated with 1 power and 14.000000 weight
[controller_server-12] [INFO] [1790987173.070189903] [controller_server]: Critic loaded : mppi::critics::PathAlignCritic
[controller_server-12] [INFO] [1790987173.070672809] [controller_server]: Critic loaded : mppi::critics::PathFollowCritic
[controller_server-12] [INFO] [1790987173.071336344] [controller_server]: PathAngleCritic instantiated with 1 power and 2.000000 weight. Mode set to: Forward Preference
[controller_server-12] [INFO] [1790987173.071374720] [controller_server]: Critic loaded : mppi::critics::PathAngleCritic
[controller_server-12] [INFO] [1790987173.071749322] [controller_server]: PreferForwardCritic instantiated with 1 power and 5.000000 weight.
[controller_server-12] [INFO] [1790987173.071763791] [controller_server]: Critic loaded : mppi::critics::PreferForwardCritic
[controller_server-12] [INFO] [1790987173.074140550] [controller_server]: Optimizer reset
[controller_server-12] [INFO] [1790987173.077872774] [MPPIController]: Configured MPPI Controller: FollowPath
[controller_server-12] [INFO] [1790987173.077886782] [controller_server]: Controller Server has FollowPath  controllers available.
[lifecycle_manager-22] [INFO] [1790987173.083536826] [lifecycle_manager_navigation]: [34m[1mConfiguring smoother_server[0m[0m
[smoother_server-13] [INFO] [1790987173.083707754] [smoother_server]: Configuring smoother server
[smoother_server-13] [INFO] [1790987173.093593651] [smoother_server]: Created smoother : simple_smoother of type nav2_smoother::SimpleSmoother
[smoother_server-13] [INFO] [1790987173.094050806] [smoother_server]: Smoother Server has simple_smoother  smoothers available.
[lifecycle_manager-22] [INFO] [1790987173.098676281] [lifecycle_manager_navigation]: [34m[1mConfiguring planner_server[0m[0m
[planner_server-14] [INFO] [1790987173.098848121] [planner_server]: Configuring
[planner_server-14] [INFO] [1790987173.098874804] [global_costmap.global_costmap]: Configuring
[planner_server-14] [INFO] [1790987173.105216258] [global_costmap.global_costmap]: Using plugin "static_layer"
[planner_server-14] [INFO] [1790987173.108234928] [global_costmap.global_costmap]: Subscribing to the map topic (/map) with transient local durability
[planner_server-14] [INFO] [1790987173.109508963] [global_costmap.global_costmap]: Initialized plugin "static_layer"
[planner_server-14] [INFO] [1790987173.109521407] [global_costmap.global_costmap]: Using plugin "obstacle_layer"
[planner_server-14] [INFO] [1790987173.110221484] [global_costmap.global_costmap]: Subscribed to Topics: scan
[planner_server-14] [INFO] [1790987173.113351315] [global_costmap.global_costmap]: Initialized plugin "obstacle_layer"
[planner_server-14] [INFO] [1790987173.113366245] [global_costmap.global_costmap]: Using plugin "inflation_layer"
[planner_server-14] [INFO] [1790987173.113990452] [global_costmap.global_costmap]: Initialized plugin "inflation_layer"
[planner_server-14] [INFO] [1790987173.130163033] [global_costmap.global_costmap]: StaticLayer: Resizing costmap to 436 X 301 at 0.050000 m/pix
[planner_server-14] [INFO] [1790987173.130347929] [planner_server]: Created global planner plugin GridBased of type nav2_navfn_planner::NavfnPlanner
[planner_server-14] [INFO] [1790987173.130364753] [planner_server]: Configuring plugin GridBased of type NavfnPlanner
[planner_server-14] [INFO] [1790987173.130998067] [planner_server]: Planner Server has GridBased  planners available.
[lifecycle_manager-22] [INFO] [1790987173.138316076] [lifecycle_manager_navigation]: [34m[1mConfiguring route_server[0m[0m
[route_server-15] [INFO] [1790987173.138494149] [route_server]: Configuring
[route_server-15] [INFO] [1790987173.157560534] [route_server]: Created GraphFileLoader GeoJsonGraphFileLoader of type nav2_route::GeoJsonGraphFileLoader
[route_server-15] [INFO] [1790987173.157583409] [route_server]: Configuring geojson graph file loader
[route_server-15] [INFO] [1790987173.157588539] [route_server]: No graph file provided to load yet.
[route_server-15] [INFO] [1790987173.159434096] [route_server]: Created edge cost function plugin DistanceScorer of type nav2_route::DistanceScorer
[route_server-15] [INFO] [1790987173.159448544] [route_server]: Configuring distance scorer.
[route_server-15] [INFO] [1790987173.159673480] [route_server]: Created edge cost function plugin DynamicEdgesScorer of type nav2_route::DynamicEdgesScorer
[route_server-15] [INFO] [1790987173.159686416] [route_server]: Configuring adjust edges scorer.
[route_server-15] [INFO] [1790987173.161882907] [route_server]: Created route operation AdjustSpeedLimit of type nav2_route::AdjustSpeedLimit
[route_server-15] [INFO] [1790987173.161897366] [route_server]: Configuring Adjust speed limit operation.
[route_server-15] [INFO] [1790987173.162608525] [route_server]: Created route operation ReroutingService of type nav2_route::ReroutingService
[route_server-15] [INFO] [1790987173.162622122] [route_server]: Configuring Rerouting service operation.
[lifecycle_manager-22] [INFO] [1790987173.165006977] [lifecycle_manager_navigation]: [34m[1mConfiguring behavior_server[0m[0m
[behavior_server-16] [INFO] [1790987173.165211973] [behavior_server]: Configuring
[behavior_server-16] [INFO] [1790987173.169308148] [behavior_server]: Creating behavior plugin spin of type nav2_behaviors::Spin
[behavior_server-16] [INFO] [1790987173.170050720] [behavior_server]: Creating behavior plugin backup of type nav2_behaviors::BackUp
[behavior_server-16] [INFO] [1790987173.170653093] [behavior_server]: Creating behavior plugin drive_on_heading of type nav2_behaviors::DriveOnHeading
[behavior_server-16] [INFO] [1790987173.171302169] [behavior_server]: Creating behavior plugin assisted_teleop of type nav2_behaviors::AssistedTeleop
[behavior_server-16] [INFO] [1790987173.172595391] [behavior_server]: Creating behavior plugin wait of type nav2_behaviors::Wait
[behavior_server-16] [INFO] [1790987173.178844212] [behavior_server]: Configuring spin
[behavior_server-16] [INFO] [1790987173.183195172] [behavior_server]: Configuring backup
[behavior_server-16] [INFO] [1790987173.186237209] [behavior_server]: Configuring drive_on_heading
[behavior_server-16] [INFO] [1790987173.189041625] [behavior_server]: Configuring assisted_teleop
[behavior_server-16] [INFO] [1790987173.193180716] [behavior_server]: Configuring wait
[lifecycle_manager-22] [INFO] [1790987173.196502026] [lifecycle_manager_navigation]: [34m[1mConfiguring velocity_smoother[0m[0m
[velocity_smoother-19] [INFO] [1790987173.196665850] [velocity_smoother]: Configuring velocity smoother
[lifecycle_manager-22] [INFO] [1790987173.200243679] [lifecycle_manager_navigation]: [34m[1mConfiguring collision_monitor[0m[0m
[collision_monitor-20] [INFO] [1790987173.200474195] [collision_monitor]: Configuring
[collision_monitor-20] [INFO] [1790987173.205466246] [collision_monitor]: [scan]: Creating Scan
[collision_monitor-20] [INFO] [1790987173.207155122] [collision_monitor]: [FootprintApproach]: Creating Polygon
[collision_monitor-20] [INFO] [1790987173.207284779] [collision_monitor]: [FootprintApproach]: Polygon points are not defined. Using dynamic subscription instead.
[collision_monitor-20] [INFO] [1790987173.207993573] [collision_monitor]: [FootprintApproach]: Making footprint subscriber on local_costmap/published_footprint topic
[lifecycle_manager-22] [INFO] [1790987173.216461670] [lifecycle_manager_navigation]: [34m[1mConfiguring bt_navigator[0m[0m
[bt_navigator-17] [INFO] [1790987173.216628451] [bt_navigator]: Configuring
[bt_navigator-17] [INFO] [1790987173.221400505] [bt_navigator]: Creating navigator id navigate_to_pose of type nav2_bt_navigator::NavigateToPoseNavigator
[bt_navigator-17] [INFO] [1790987173.270988641] [bt_navigator]: Creating navigator id navigate_through_poses of type nav2_bt_navigator::NavigateThroughPosesNavigator
[lifecycle_manager-22] [INFO] [1790987173.287505695] [lifecycle_manager_navigation]: [34m[1mConfiguring waypoint_follower[0m[0m
[waypoint_follower-18] [INFO] [1790987173.287700451] [waypoint_follower]: Configuring
[waypoint_follower-18] [INFO] [1790987173.303907420] [waypoint_follower]: Created waypoint_task_executor : wait_at_waypoint of type nav2_waypoint_follower::WaitAtWaypoint
[lifecycle_manager-22] [INFO] [1790987173.304526537] [lifecycle_manager_navigation]: [34m[1mConfiguring docking_server[0m[0m
[opennav_docking-21] [INFO] [1790987173.304703638] [docking_server]: Configuring docking_server
[opennav_docking-21] [INFO] [1790987173.304732385] [docking_server]: Controller frequency set to 50.0000Hz
[opennav_docking-21] [INFO] [1790987173.322635805] [docking_server]: Created charging dock plugin simple_charging_dock of type opennav_docking::SimpleChargingDock
[opennav_docking-21] [WARN] [1790987173.325642162] [docking_server]: Dock database filepath nor dock parameters set. Docking actions can only be executed specifying the dock pose via the action request. Or update the dock database via the reload_database service.
[opennav_docking-21] [INFO] [1790987173.325666660] [docking_server]: Docking Server has 1 dock types and 0 dock instances available.
[lifecycle_manager-22] [INFO] [1790987173.326839875] [lifecycle_manager_navigation]: [34m[1mActivating controller_server[0m[0m
[controller_server-12] [INFO] [1790987173.326965163] [controller_server]: Activating
[controller_server-12] [INFO] [1790987173.326992287] [local_costmap.local_costmap]: Activating
[controller_server-12] [INFO] [1790987173.326998679] [local_costmap.local_costmap]: Checking transform
[controller_server-12] [INFO] [1790987173.327090882] [local_costmap.local_costmap]: start
[controller_server-12] [WARN] [1790987173.577829873] [controller_server]: Parameter controller_server.verbose not found
[controller_server-12] [INFO] [1790987173.580127836] [controller_server]: Optimizer reset
[controller_server-12] [INFO] [1790987173.580314165] [MPPIController]: Activated MPPI Controller: FollowPath
[controller_server-12] [INFO] [1790987173.580344004] [controller_server]: Creating bond (controller_server) to lifecycle manager.
[lifecycle_manager-22] [INFO] [1790987173.684752641] [lifecycle_manager_navigation]: Server controller_server connected with bond.
[lifecycle_manager-22] [INFO] [1790987173.684785507] [lifecycle_manager_navigation]: [34m[1mActivating smoother_server[0m[0m
[smoother_server-13] [INFO] [1790987173.685044790] [smoother_server]: Activating
[smoother_server-13] [INFO] [1790987173.685075862] [smoother_server]: Creating bond (smoother_server) to lifecycle manager.
[lifecycle_manager-22] [INFO] [1790987173.788839271] [lifecycle_manager_navigation]: Server smoother_server connected with bond.
[lifecycle_manager-22] [INFO] [1790987173.788868789] [lifecycle_manager_navigation]: [34m[1mActivating planner_server[0m[0m
[planner_server-14] [INFO] [1790987173.789130798] [planner_server]: Activating
[planner_server-14] [INFO] [1790987173.789164585] [global_costmap.global_costmap]: Activating
[planner_server-14] [INFO] [1790987173.789173233] [global_costmap.global_costmap]: Checking transform
[planner_server-14] [INFO] [1790987173.789285024] [global_costmap.global_costmap]: start
[planner_server-14] [INFO] [1790987174.840304374] [planner_server]: Activating plugin GridBased of type NavfnPlanner
[planner_server-14] [INFO] [1790987174.841584169] [planner_server]: Creating bond (planner_server) to lifecycle manager.
[lifecycle_manager-22] [INFO] [1790987174.945053186] [lifecycle_manager_navigation]: Server planner_server connected with bond.
[lifecycle_manager-22] [INFO] [1790987174.945087213] [lifecycle_manager_navigation]: [34m[1mActivating route_server[0m[0m
[route_server-15] [INFO] [1790987174.945365955] [route_server]: Activating
[route_server-15] [INFO] [1790987174.945542024] [route_server]: Creating bond (route_server) to lifecycle manager.
[lifecycle_manager-22] [INFO] [1790987175.049457905] [lifecycle_manager_navigation]: Server route_server connected with bond.
[lifecycle_manager-22] [INFO] [1790987175.049488786] [lifecycle_manager_navigation]: [34m[1mActivating behavior_server[0m[0m
[behavior_server-16] [INFO] [1790987175.049755094] [behavior_server]: Activating
[behavior_server-16] [INFO] [1790987175.049775404] [behavior_server]: Activating spin
[behavior_server-16] [INFO] [1790987175.049784733] [behavior_server]: Activating backup
[behavior_server-16] [INFO] [1790987175.049791546] [behavior_server]: Activating drive_on_heading
[behavior_server-16] [INFO] [1790987175.049798189] [behavior_server]: Activating assisted_teleop
[behavior_server-16] [INFO] [1790987175.049804542] [behavior_server]: Activating wait
[behavior_server-16] [INFO] [1790987175.049814772] [behavior_server]: Creating bond (behavior_server) to lifecycle manager.
[lifecycle_manager-22] [INFO] [1790987175.153859700] [lifecycle_manager_navigation]: Server behavior_server connected with bond.
[lifecycle_manager-22] [INFO] [1790987175.153890821] [lifecycle_manager_navigation]: [34m[1mActivating velocity_smoother[0m[0m
[velocity_smoother-19] [INFO] [1790987175.154148131] [velocity_smoother]: Activating
[velocity_smoother-19] [INFO] [1790987175.154204703] [velocity_smoother]: Creating bond (velocity_smoother) to lifecycle manager.
[lifecycle_manager-22] [INFO] [1790987175.258259850] [lifecycle_manager_navigation]: Server velocity_smoother connected with bond.
[lifecycle_manager-22] [INFO] [1790987175.258292004] [lifecycle_manager_navigation]: [34m[1mActivating collision_monitor[0m[0m
[collision_monitor-20] [INFO] [1790987175.258557470] [collision_monitor]: Activating
[collision_monitor-20] [INFO] [1790987175.258591838] [collision_monitor]: Creating bond (collision_monitor) to lifecycle manager.
[lifecycle_manager-22] [INFO] [1790987175.363264890] [lifecycle_manager_navigation]: Server collision_monitor connected with bond.
[lifecycle_manager-22] [INFO] [1790987175.363304177] [lifecycle_manager_navigation]: [34m[1mActivating bt_navigator[0m[0m
[bt_navigator-17] [INFO] [1790987175.363664301] [bt_navigator]: Activating
[bt_navigator-17] [INFO] [1790987175.408413419] [bt_navigator]: Creating bond (bt_navigator) to lifecycle manager.
[lifecycle_manager-22] [INFO] [1790987175.512471403] [lifecycle_manager_navigation]: Server bt_navigator connected with bond.
[lifecycle_manager-22] [INFO] [1790987175.512506051] [lifecycle_manager_navigation]: [34m[1mActivating waypoint_follower[0m[0m
[waypoint_follower-18] [INFO] [1790987175.512809122] [waypoint_follower]: Activating
[waypoint_follower-18] [INFO] [1790987175.512843339] [waypoint_follower]: Creating bond (waypoint_follower) to lifecycle manager.
[lifecycle_manager-22] [INFO] [1790987175.617474237] [lifecycle_manager_navigation]: Server waypoint_follower connected with bond.
[lifecycle_manager-22] [INFO] [1790987175.617507233] [lifecycle_manager_navigation]: [34m[1mActivating docking_server[0m[0m
[opennav_docking-21] [INFO] [1790987175.617823620] [docking_server]: Activating docking_server
[opennav_docking-21] [INFO] [1790987175.624582991] [docking_server]: Creating bond (docking_server) to lifecycle manager.
[lifecycle_manager-22] [INFO] [1790987175.728747586] [lifecycle_manager_navigation]: Server docking_server connected with bond.
[lifecycle_manager-22] [INFO] [1790987175.728781954] [lifecycle_manager_navigation]: [34m[1mManaged nodes are active[0m[0m
[lifecycle_manager-22] [INFO] [1790987175.728803196] [lifecycle_manager_navigation]: [34m[1mCreating bond timer...[0m[0m
[waypoint_follower-18] [INFO] [1790987186.976273043] [waypoint_follower]: Received follow waypoint request with 11 waypoints.
[bt_navigator-17] [INFO] [1790987186.976982038] [bt_navigator]: Begin navigating from current location (0.00, -0.00) to (0.00, -0.00)
[controller_server-12] [INFO] [1790987186.997698993] [controller_server]: Received a goal, begin computing control effort.
[controller_server-12] [WARN] [1790987186.997732901] [controller_server]: No goal checker was specified in parameter 'current_goal_checker'. Server will use only plugin loaded general_goal_checker . This warning will appear once.
[controller_server-12] [WARN] [1790987186.997743933] [controller_server]: No progress checker was specified in parameter 'current_progress_checker'. Server will use only plugin loaded progress_checker . This warning will appear once.
[controller_server-12] [INFO] [1790987187.003569976] [controller_server]: Reached the goal!
[controller_server-12] [INFO] [1790987187.005083444] [controller_server]: Optimizer reset
[bt_navigator-17] [INFO] [1790987187.027270502] [bt_navigator]: Goal succeeded
[parameter_bridge-2] [INFO] [1790987187.035037992] [bridge_ros_gz]: Passing message from ROS geometry_msgs/msg/Twist to Gazebo gz.msgs.Twist (showing msg only once per type)
[waypoint_follower-18] [INFO] [1790987187.376418163] [waypoint_follower]: Succeeded processing waypoint 0, processing waypoint task execution
[waypoint_follower-18] [INFO] [1790987187.376452662] [waypoint_follower]: Arrived at 0'th waypoint, sleeping for 200 milliseconds
[waypoint_follower-18] [INFO] [1790987187.576048492] [waypoint_follower]: Task execution at waypoint 0 succeeded
[waypoint_follower-18] [INFO] [1790987187.576103771] [waypoint_follower]: Handled task execution on waypoint 0, moving to next.
[bt_navigator-17] [INFO] [1790987187.576520467] [bt_navigator]: Begin navigating from current location (0.00, -0.00) to (0.11, 0.00)
[controller_server-12] [INFO] [1790987187.597065282] [controller_server]: Received a goal, begin computing control effort.
[controller_server-12] [INFO] [1790987187.602131078] [controller_server]: Reached the goal!
[controller_server-12] [INFO] [1790987187.602370412] [controller_server]: Optimizer reset
[bt_navigator-17] [INFO] [1790987187.626699985] [bt_navigator]: Goal succeeded
[waypoint_follower-18] [INFO] [1790987187.977243452] [waypoint_follower]: Succeeded processing waypoint 1, processing waypoint task execution
[waypoint_follower-18] [INFO] [1790987187.977275425] [waypoint_follower]: Arrived at 1'th waypoint, sleeping for 200 milliseconds
[waypoint_follower-18] [INFO] [1790987188.176055459] [waypoint_follower]: Task execution at waypoint 1 succeeded
[waypoint_follower-18] [INFO] [1790987188.176095288] [waypoint_follower]: Handled task execution on waypoint 1, moving to next.
[bt_navigator-17] [INFO] [1790987188.176483988] [bt_navigator]: Begin navigating from current location (0.00, -0.00) to (0.45, 0.00)
[controller_server-12] [INFO] [1790987188.196968063] [controller_server]: Received a goal, begin computing control effort.
[controller_server-12] [INFO] [1790987189.247532753] [controller_server]: Passing new path to controller.
[controller_server-12] [INFO] [1790987189.251087987] [controller_server]: Reached the goal!
[controller_server-12] [INFO] [1790987189.251664649] [controller_server]: Optimizer reset
[bt_navigator-17] [INFO] [1790987189.286692198] [bt_navigator]: Goal succeeded
[controller_server-12] [INFO] [1790987189.727221621] [local_costmap.local_costmap]: StaticLayer: Resizing static layer to 445 X 301 at 0.050000 m/pix
[planner_server-14] [INFO] [1790987189.789417206] [global_costmap.global_costmap]: StaticLayer: Resizing costmap to 445 X 301 at 0.050000 m/pix
[waypoint_follower-18] [INFO] [1790987189.930652220] [waypoint_follower]: Succeeded processing waypoint 2, processing waypoint task execution
[waypoint_follower-18] [INFO] [1790987189.930708501] [waypoint_follower]: Arrived at 2'th waypoint, sleeping for 200 milliseconds
[waypoint_follower-18] [INFO] [1790987190.129060909] [waypoint_follower]: Task execution at waypoint 2 succeeded
[waypoint_follower-18] [INFO] [1790987190.129105558] [waypoint_follower]: Handled task execution on waypoint 2, moving to next.
[bt_navigator-17] [INFO] [1790987190.129501723] [bt_navigator]: Begin navigating from current location (0.22, 0.01) to (0.23, 0.01)
[controller_server-12] [INFO] [1790987190.149978232] [controller_server]: Received a goal, begin computing control effort.
[controller_server-12] [INFO] [1790987190.154580430] [controller_server]: Reached the goal!
[controller_server-12] [INFO] [1790987190.155062596] [controller_server]: Optimizer reset
[bt_navigator-17] [INFO] [1790987190.179704658] [bt_navigator]: Goal succeeded
[waypoint_follower-18] [INFO] [1790987190.530302815] [waypoint_follower]: Succeeded processing waypoint 3, processing waypoint task execution
[waypoint_follower-18] [INFO] [1790987190.530332393] [waypoint_follower]: Arrived at 3'th waypoint, sleeping for 200 milliseconds
[waypoint_follower-18] [INFO] [1790987190.729099052] [waypoint_follower]: Task execution at waypoint 3 succeeded
[waypoint_follower-18] [INFO] [1790987190.729140965] [waypoint_follower]: Handled task execution on waypoint 3, moving to next.
[bt_navigator-17] [INFO] [1790987190.729575185] [bt_navigator]: Begin navigating from current location (0.22, 0.01) to (0.38, -0.00)
[controller_server-12] [INFO] [1790987190.750299937] [controller_server]: Received a goal, begin computing control effort.
[controller_server-12] [INFO] [1790987190.755060348] [controller_server]: Reached the goal!
[controller_server-12] [INFO] [1790987190.755532273] [controller_server]: Optimizer reset
[bt_navigator-17] [INFO] [1790987190.779778131] [bt_navigator]: Goal succeeded
[waypoint_follower-18] [INFO] [1790987191.130368843] [waypoint_follower]: Succeeded processing waypoint 4, processing waypoint task execution
[waypoint_follower-18] [INFO] [1790987191.130399022] [waypoint_follower]: Arrived at 4'th waypoint, sleeping for 200 milliseconds
[waypoint_follower-18] [INFO] [1790987191.329040103] [waypoint_follower]: Task execution at waypoint 4 succeeded
[waypoint_follower-18] [INFO] [1790987191.329077517] [waypoint_follower]: Handled task execution on waypoint 4, moving to next.
[bt_navigator-17] [INFO] [1790987191.329398613] [bt_navigator]: Begin navigating from current location (0.22, 0.01) to (0.75, 0.00)
[controller_server-12] [INFO] [1790987191.349944570] [controller_server]: Received a goal, begin computing control effort.
[controller_server-12] [INFO] [1790987192.400085076] [controller_server]: Passing new path to controller.
[controller_server-12] [INFO] [1790987192.727209627] [local_costmap.local_costmap]: StaticLayer: Resizing static layer to 448 X 301 at 0.050000 m/pix
[controller_server-12] [INFO] [1790987192.754553051] [controller_server]: Reached the goal!
[controller_server-12] [INFO] [1790987192.754840310] [controller_server]: Optimizer reset
[bt_navigator-17] [INFO] [1790987192.779597581] [bt_navigator]: Goal succeeded
[planner_server-14] [INFO] [1790987192.789414401] [global_costmap.global_costmap]: StaticLayer: Resizing costmap to 448 X 301 at 0.050000 m/pix
[waypoint_follower-18] [INFO] [1790987193.435086089] [waypoint_follower]: Succeeded processing waypoint 5, processing waypoint task execution
[waypoint_follower-18] [INFO] [1790987193.435123503] [waypoint_follower]: Arrived at 5'th waypoint, sleeping for 200 milliseconds
[waypoint_follower-18] [INFO] [1790987193.636001907] [waypoint_follower]: Task execution at waypoint 5 succeeded
[waypoint_follower-18] [INFO] [1790987193.636035824] [waypoint_follower]: Handled task execution on waypoint 5, moving to next.
[bt_navigator-17] [INFO] [1790987193.636395827] [bt_navigator]: Begin navigating from current location (0.54, -0.00) to (0.50, -0.00)
[controller_server-12] [INFO] [1790987193.656888489] [controller_server]: Received a goal, begin computing control effort.
[controller_server-12] [INFO] [1790987193.661450708] [controller_server]: Reached the goal!
[controller_server-12] [INFO] [1790987193.661762887] [controller_server]: Optimizer reset
[bt_navigator-17] [INFO] [1790987193.686604324] [bt_navigator]: Goal succeeded
[controller_server-12] [INFO] [1790987193.727205856] [local_costmap.local_costmap]: StaticLayer: Resizing static layer to 450 X 301 at 0.050000 m/pix
[planner_server-14] [INFO] [1790987193.789422404] [global_costmap.global_costmap]: StaticLayer: Resizing costmap to 450 X 301 at 0.050000 m/pix
[waypoint_follower-18] [INFO] [1790987194.037195239] [waypoint_follower]: Succeeded processing waypoint 6, processing waypoint task execution
[waypoint_follower-18] [INFO] [1790987194.037224777] [waypoint_follower]: Arrived at 6'th waypoint, sleeping for 200 milliseconds
[waypoint_follower-18] [INFO] [1790987194.236021867] [waypoint_follower]: Task execution at waypoint 6 succeeded
[waypoint_follower-18] [INFO] [1790987194.236060233] [waypoint_follower]: Handled task execution on waypoint 6, moving to next.
[bt_navigator-17] [INFO] [1790987194.236428553] [bt_navigator]: Begin navigating from current location (0.54, -0.00) to (0.62, -0.00)
[controller_server-12] [INFO] [1790987194.257018848] [controller_server]: Received a goal, begin computing control effort.
[controller_server-12] [INFO] [1790987194.260956480] [controller_server]: Reached the goal!
[controller_server-12] [INFO] [1790987194.261651287] [controller_server]: Optimizer reset
[bt_navigator-17] [INFO] [1790987194.286632220] [bt_navigator]: Goal succeeded
[waypoint_follower-18] [INFO] [1790987194.637212254] [waypoint_follower]: Succeeded processing waypoint 7, processing waypoint task execution
[waypoint_follower-18] [INFO] [1790987194.637242574] [waypoint_follower]: Arrived at 7'th waypoint, sleeping for 200 milliseconds
[waypoint_follower-18] [INFO] [1790987194.836218028] [waypoint_follower]: Task execution at waypoint 7 succeeded
[waypoint_follower-18] [INFO] [1790987194.836250873] [waypoint_follower]: Handled task execution on waypoint 7, moving to next.
[bt_navigator-17] [INFO] [1790987194.836639383] [bt_navigator]: Begin navigating from current location (0.54, -0.00) to (0.73, -0.00)
[controller_server-12] [INFO] [1790987194.857183817] [controller_server]: Received a goal, begin computing control effort.
[controller_server-12] [INFO] [1790987194.861462684] [controller_server]: Reached the goal!
[controller_server-12] [INFO] [1790987194.862205937] [controller_server]: Optimizer reset
[bt_navigator-17] [INFO] [1790987194.886858961] [bt_navigator]: Goal succeeded
[waypoint_follower-18] [INFO] [1790987195.237422222] [waypoint_follower]: Succeeded processing waypoint 8, processing waypoint task execution
[waypoint_follower-18] [INFO] [1790987195.237451009] [waypoint_follower]: Arrived at 8'th waypoint, sleeping for 200 milliseconds
[waypoint_follower-18] [INFO] [1790987195.436007573] [waypoint_follower]: Task execution at waypoint 8 succeeded
[waypoint_follower-18] [INFO] [1790987195.436045659] [waypoint_follower]: Handled task execution on waypoint 8, moving to next.
[bt_navigator-17] [INFO] [1790987195.436407606] [bt_navigator]: Begin navigating from current location (0.54, -0.00) to (1.05, 0.00)
[controller_server-12] [INFO] [1790987195.456883915] [controller_server]: Received a goal, begin computing control effort.
[controller_server-12] [INFO] [1790987196.507014140] [controller_server]: Passing new path to controller.
[controller_server-12] [INFO] [1790987196.727212392] [local_costmap.local_costmap]: StaticLayer: Resizing static layer to 454 X 310 at 0.050000 m/pix
[planner_server-14] [INFO] [1790987196.789377358] [global_costmap.global_costmap]: StaticLayer: Resizing costmap to 454 X 310 at 0.050000 m/pix
[controller_server-12] [INFO] [1790987196.811009507] [controller_server]: Reached the goal!
[controller_server-12] [INFO] [1790987196.811208501] [controller_server]: Optimizer reset
[bt_navigator-17] [INFO] [1790987196.836620770] [bt_navigator]: Goal succeeded
[waypoint_follower-18] [INFO] [1790987197.491251464] [waypoint_follower]: Succeeded processing waypoint 9, processing waypoint task execution
[waypoint_follower-18] [INFO] [1790987197.491281082] [waypoint_follower]: Arrived at 9'th waypoint, sleeping for 200 milliseconds
[waypoint_follower-18] [INFO] [1790987197.692011334] [waypoint_follower]: Task execution at waypoint 9 succeeded
[waypoint_follower-18] [INFO] [1790987197.692045151] [waypoint_follower]: Handled task execution on waypoint 9, moving to next.
[bt_navigator-17] [INFO] [1790987197.692384223] [bt_navigator]: Begin navigating from current location (0.83, -0.00) to (0.84, -0.00)
[controller_server-12] [INFO] [1790987197.712869821] [controller_server]: Received a goal, begin computing control effort.
[controller_server-12] [INFO] [1790987197.717138498] [controller_server]: Reached the goal!
[controller_server-12] [INFO] [1790987197.717364476] [controller_server]: Optimizer reset
[bt_navigator-17] [INFO] [1790987197.742568953] [bt_navigator]: Goal succeeded
[waypoint_follower-18] [INFO] [1790987198.093213456] [waypoint_follower]: Succeeded processing waypoint 10, processing waypoint task execution
[waypoint_follower-18] [INFO] [1790987198.093244498] [waypoint_follower]: Arrived at 10'th waypoint, sleeping for 200 milliseconds
[waypoint_follower-18] [INFO] [1790987198.291997312] [waypoint_follower]: Task execution at waypoint 10 succeeded
[waypoint_follower-18] [INFO] [1790987198.292038393] [waypoint_follower]: Handled task execution on waypoint 10, moving to next.
[waypoint_follower-18] [INFO] [1790987198.292053393] [waypoint_follower]: Completed all 11 waypoints requested.
