
=== Fase B: reproduzir percurso (coleta + play_route) ===
robot='' route=dissertation_clean01
topics=['scan', 'odom', 'imu', 'pose', 'ground_truth_pose_clean'] skip_collection=False export='/home/eduardo/fleet-ui/fleet_ws/runs/gt01_curta/replay_r10.json'
[TRACE] Chamando service enable_collection ...
[OK] enable_collection — Collection enabled. Bag: collections/default/2026-10-03_00-28-48_555858_2cfc246d
[TRACE] Warmup após enable_collection (sleep 5s) ...
[TRACE] Chamando service play_route ...
[OK] play_route — Navigation started
[OK] navegação iniciou (navigating)
[OK] navegação terminou (idle)
[TRACE] Chamando service disable_collection ...
[OK] disable_collection — Collection disabled for default. Bag: collections/default/2026-10-03_00-28-48_555858_2cfc246d

Resumo: sem falhas

[TRACE] Sensor summary (mcap):
  /pose: 6 msgs  ~0.3 Hz
  /ground_truth_pose_clean: 991 msgs  ~55.6 Hz
  /imu: 3567 msgs  ~200.1 Hz
  /odom: 495 msgs  ~27.8 Hz
  /scan: 178 msgs  ~10.0 Hz
[TRACE] bag_metrics: odom=495 msgs  path=0.8804 m  scan=178  imu=3567

[OK] Resumo exportado: /home/eduardo/fleet-ui/fleet_ws/runs/gt01_curta/replay_r10.json
