
=== Fase B: reproduzir percurso (coleta + play_route) ===
robot='' route=loop_fechado
topics=['scan', 'odom', 'imu', 'pose', 'ground_truth_pose_clean'] skip_collection=False export='/home/eduardo/fleet-ui/fleet_ws/runs/gt01_loop/replay_r10.json'
[TRACE] Chamando service enable_collection ...
[OK] enable_collection — Collection enabled. Bag: collections/default/2026-10-03_01-29-38_220564_0893fa56
[TRACE] Warmup após enable_collection (sleep 5s) ...
[TRACE] Chamando service play_route ...
[OK] play_route — Navigation started
[OK] navegação iniciou (navigating)
[OK] navegação terminou (idle)
[TRACE] Chamando service disable_collection ...
[OK] disable_collection — Collection disabled for default. Bag: collections/default/2026-10-03_01-29-38_220564_0893fa56

Resumo: sem falhas

[TRACE] Sensor summary (mcap):
  /pose: 74 msgs  ~0.4 Hz
  /ground_truth_pose_clean: 10934 msgs  ~55.6 Hz
  /imu: 39361 msgs  ~200.0 Hz
  /odom: 5467 msgs  ~27.8 Hz
  /scan: 1968 msgs  ~10.0 Hz
[TRACE] bag_metrics: odom=5467 msgs  path=11.3756 m  scan=1968  imu=39361

[OK] Resumo exportado: /home/eduardo/fleet-ui/fleet_ws/runs/gt01_loop/replay_r10.json
